// Jest Snapshot v1, https://goo.gl/fbAQLP

exports[`SampleStyledParagraph renders correctly 1`] = `
<div>
  <p
    class="sc-AxjAm DyKgd"
  />
</div>
`;
