// Jest Snapshot v1, https://goo.gl/fbAQLP

exports[`Title renders correctly 1`] = `
<div>
  <h2
    class="sc-AxjAm ijAwJO"
  />
</div>
`;
